{
  "version": "1.0.0",
  "plugins_used": [
    {
      "name": "AWSKeyDetector"
    },
    {
      "name": "ArtfulDetection",
      "artful_db_path": ".artful-detect"
    },
    {
      "name": "Base64HighEntropyString",
      "limit": 4.5
    },
    {
      "name": "BasicAuthDetector"
    },
    {
      "name": "BitbucketDetector"
    },
    {
      "name": "CloudantDetector"
    },
    {
      "name": "IbmCloudIamDetector"
    },
    {
      "name": "IbmCosHmacDetector"
    },
    {
      "name": "JenkinsPluginDetector"
    },
    {
      "name": "MailchimpDetector"
    },
    {
      "name": "NpmDetector"
    },
    {
      "name": "PrivateKeyDetector"
    },
    {
      "name": "PypiDetector"
    },
    {
      "name": "SendGridDetector"
    },
    {
      "name": "SlackDetector"
    },
    {
      "name": "SoftlayerDetector"
    },
    {
      "name": "SquareOAuthDetector"
    },
    {
      "name": "StripeDetector"
    },
    {
      "name": "TwilioDetector"
    },
    {
      "name": "WordpressDetector"
    }
  ],
  "filters_used": [
    {
      "path": "tradingagents/llm/deepseek_adapter.py",
      "line_number": 31,
      "type": "filename-whitelist",
      "filename": "deepseek_adapter.py"
    },
    {
      "path": "tradingagents/llm/openai_adapter.py",
      "line_number": 23,
      "type": "filename-whitelist",
      "filename": "openai_adapter.py"
    },
    {
      "path": "tradingagents/llm/google_adapter.py",
      "line_number": 30,
      "type": "filename-whitelist",
      "filename": "google_adapter.py"
    },
    {
      "path": "tradingagents/llm/dashscope_adapter.py",
      "line_number": 31,
      "type": "filename-whitelist",
      "filename": "dashscope_adapter.py"
    },
    {
      "path": "tradingagents/api/app.py",
      "line_number": 115,
      "type": "filename-whitelist",
      "filename": "app.py"
    }
  ],
  "results": {},
  "generated_at": "2026-03-22T04:00:00Z"
}
